{
  "version": "1.5.0",
  "plugins_used": [
    {
      "name": "ArtifactoryDetector"
    },
    {
      "name": "AWSKeyDetector"
    },
    {
      "name": "AzureStorageKeyDetector"
    },
    {
      "name": "Base64HighEntropyString",
      "limit": 4.5
    },
    {
      "name": "BasicAuthDetector"
    },
    {
      "name": "CloudantDetector"
    },
    {
      "name": "DiscordBotTokenDetector"
    },
    {
      "name": "GitHubTokenDetector"
    },
    {
      "name": "GitLabTokenDetector"
    },
    {
      "name": "IbmCloudIamDetector"
    },
    {
      "name": "IbmCosHmacDetector"
    },
    {
      "name": "IPPublicDetector"
    },
    {
      "name": "JwtTokenDetector"
    },
    {
      "name": "KeywordDetector",
      "keyword_exclude": ""
    },
    {
      "name": "MailchimpDetector"
    },
    {
      "name": "NpmDetector"
    },
    {
      "name": "OpenAIDetector"
    },
    {
      "name": "PrivateKeyDetector"
    },
    {
      "name": "PypiTokenDetector"
    },
    {
      "name": "SendGridDetector"
    },
    {
      "name": "SlackDetector"
    },
    {
      "name": "SoftlayerDetector"
    },
    {
      "name": "SquareOAuthDetector"
    },
    {
      "name": "StripeDetector"
    },
    {
      "name": "TelegramBotTokenDetector"
    },
    {
      "name": "TwilioKeyDetector"
    }
  ],
  "filters_used": [
    {
      "path": "detect_secrets.filters.allowlist.is_line_allowlisted"
    },
    {
      "path": "detect_secrets.filters.common.is_ignored_due_to_verification_policies",
      "min_level": 2
    },
    {
      "path": "detect_secrets.filters.heuristic.is_indirect_reference"
    },
    {
      "path": "detect_secrets.filters.heuristic.is_likely_id_string"
    },
    {
      "path": "detect_secrets.filters.heuristic.is_lock_file"
    },
    {
      "path": "detect_secrets.filters.heuristic.is_not_alphanumeric_string"
    },
    {
      "path": "detect_secrets.filters.heuristic.is_potential_uuid"
    },
    {
      "path": "detect_secrets.filters.heuristic.is_prefixed_with_dollar_sign"
    },
    {
      "path": "detect_secrets.filters.heuristic.is_sequential_string"
    },
    {
      "path": "detect_secrets.filters.heuristic.is_swagger_file"
    },
    {
      "path": "detect_secrets.filters.heuristic.is_templated_secret"
    },
    {
      "path": "detect_secrets.filters.regex.should_exclude_file",
      "pattern": [
        "(^|/)(\\.ruff_cache|node_modules|[^/]*\\.egg-info|\\.?venv|dist|build)/"
      ]
    }
  ],
  "results": {
    ".github/workflows/ci.yml": [
      {
        "type": "Secret Keyword",
        "filename": ".github/workflows/ci.yml",
        "hashed_secret": "ae9420a8aa4c529afdda10f749aebad92f35463b",
        "is_verified": false,
        "line_number": 112
      },
      {
        "type": "Secret Keyword",
        "filename": ".github/workflows/ci.yml",
        "hashed_secret": "74e784a639f7a551b334ac47a9a3558177e8961c",
        "is_verified": false,
        "line_number": 127
      }
    ],
    "assurance/connectors/github_issues.py": [
      {
        "type": "Secret Keyword",
        "filename": "assurance/connectors/github_issues.py",
        "hashed_secret": "ee977806d7286510da8b9a7492ba58e2484c0ecc",
        "is_verified": false,
        "line_number": 55
      }
    ],
    "assurance/connectors/jira.py": [
      {
        "type": "Secret Keyword",
        "filename": "assurance/connectors/jira.py",
        "hashed_secret": "ee977806d7286510da8b9a7492ba58e2484c0ecc",
        "is_verified": false,
        "line_number": 57
      }
    ],
    "assurance/connectors/servicenow.py": [
      {
        "type": "Secret Keyword",
        "filename": "assurance/connectors/servicenow.py",
        "hashed_secret": "ee977806d7286510da8b9a7492ba58e2484c0ecc",
        "is_verified": false,
        "line_number": 57
      }
    ],
    "assurance/connectors/splunk.py": [
      {
        "type": "Secret Keyword",
        "filename": "assurance/connectors/splunk.py",
        "hashed_secret": "ee977806d7286510da8b9a7492ba58e2484c0ecc",
        "is_verified": false,
        "line_number": 47
      }
    ],
    "assurance/connectors/webhook.py": [
      {
        "type": "Secret Keyword",
        "filename": "assurance/connectors/webhook.py",
        "hashed_secret": "ee977806d7286510da8b9a7492ba58e2484c0ecc",
        "is_verified": false,
        "line_number": 45
      }
    ],
    "assurance/metadata_logging.py": [
      {
        "type": "Secret Keyword",
        "filename": "assurance/metadata_logging.py",
        "hashed_secret": "fe86558143c0bd528f649a153bdc32b8fa90301c",
        "is_verified": false,
        "line_number": 67
      },
      {
        "type": "Secret Keyword",
        "filename": "assurance/metadata_logging.py",
        "hashed_secret": "51f039392a026bb57f5f29984e19b6aa2808f126",
        "is_verified": false,
        "line_number": 74
      }
    ],
    "assurance/posture/cloud.py": [
      {
        "type": "Secret Keyword",
        "filename": "assurance/posture/cloud.py",
        "hashed_secret": "ee977806d7286510da8b9a7492ba58e2484c0ecc",
        "is_verified": false,
        "line_number": 212
      }
    ],
    "assurance/posture/repo.py": [
      {
        "type": "Secret Keyword",
        "filename": "assurance/posture/repo.py",
        "hashed_secret": "ee977806d7286510da8b9a7492ba58e2484c0ecc",
        "is_verified": false,
        "line_number": 211
      }
    ],
    "assurance/posture/secrets.py": [
      {
        "type": "Secret Keyword",
        "filename": "assurance/posture/secrets.py",
        "hashed_secret": "ee977806d7286510da8b9a7492ba58e2484c0ecc",
        "is_verified": false,
        "line_number": 217
      }
    ],
    "safety/stops.py": [
      {
        "type": "Secret Keyword",
        "filename": "safety/stops.py",
        "hashed_secret": "6274f298598486af9c9b58b72a37c3e2e6995cc7",
        "is_verified": false,
        "line_number": 578
      }
    ],
    "tests/test_a_retest_gated_closure_needs_an_incomplete_repair_that_still_fails.py": [
      {
        "type": "Secret Keyword",
        "filename": "tests/test_a_retest_gated_closure_needs_an_incomplete_repair_that_still_fails.py",
        "hashed_secret": "1a91d62f7ca67399625a4368a6ab5d4a3baa6073",
        "is_verified": false,
        "line_number": 202
      }
    ],
    "tests/test_assurance_connector_dispatch.py": [
      {
        "type": "Secret Keyword",
        "filename": "tests/test_assurance_connector_dispatch.py",
        "hashed_secret": "78934057a5081c3bb30f065f73566e7866082377",
        "is_verified": false,
        "line_number": 112
      }
    ],
    "tests/test_assurance_posture_wiring.py": [
      {
        "type": "Secret Keyword",
        "filename": "tests/test_assurance_posture_wiring.py",
        "hashed_secret": "1849c2d2b88c7cc5d259872276d1bfa2bfd70cdc",
        "is_verified": false,
        "line_number": 81
      }
    ],
    "tests/test_assurance_served_route.py": [
      {
        "type": "Secret Keyword",
        "filename": "tests/test_assurance_served_route.py",
        "hashed_secret": "44ce878f04adb497ce8f8ec3e4bb3f97cb4205f4",
        "is_verified": false,
        "line_number": 191
      }
    ],
    "tests/test_defender_middleware.py": [
      {
        "type": "Secret Keyword",
        "filename": "tests/test_defender_middleware.py",
        "hashed_secret": "3d9372f2be85d1032509712be52885f98ea44662",
        "is_verified": false,
        "line_number": 29
      },
      {
        "type": "Secret Keyword",
        "filename": "tests/test_defender_middleware.py",
        "hashed_secret": "f3bbbd66a63d4bf1747940578ec3d0103530e21d",
        "is_verified": false,
        "line_number": 151
      },
      {
        "type": "Secret Keyword",
        "filename": "tests/test_defender_middleware.py",
        "hashed_secret": "62b4e1d848e707c81f15bb4ec82ff8769b1161db",
        "is_verified": false,
        "line_number": 167
      },
      {
        "type": "Secret Keyword",
        "filename": "tests/test_defender_middleware.py",
        "hashed_secret": "6e586bc3da0b96a98bf80e4181f8597ed339e01a",
        "is_verified": false,
        "line_number": 466
      },
      {
        "type": "Secret Keyword",
        "filename": "tests/test_defender_middleware.py",
        "hashed_secret": "e5a261146f1d53b841ce81911f0fb72c191a7ddf",
        "is_verified": false,
        "line_number": 473
      },
      {
        "type": "Secret Keyword",
        "filename": "tests/test_defender_middleware.py",
        "hashed_secret": "66b9e5aef98ced908e577140bccee56bcf4d29b9",
        "is_verified": false,
        "line_number": 769
      },
      {
        "type": "Secret Keyword",
        "filename": "tests/test_defender_middleware.py",
        "hashed_secret": "f3974fa66f430a2bb62951ff0f7f689dcf62eeee",
        "is_verified": false,
        "line_number": 874
      },
      {
        "type": "Secret Keyword",
        "filename": "tests/test_defender_middleware.py",
        "hashed_secret": "d8b526953989be84c3f9adcd1dafe8a51bc6ab2e",
        "is_verified": false,
        "line_number": 902
      },
      {
        "type": "Secret Keyword",
        "filename": "tests/test_defender_middleware.py",
        "hashed_secret": "6c5522ca8af86fc5069b737bb8892b3ea61002c2",
        "is_verified": false,
        "line_number": 942
      },
      {
        "type": "Secret Keyword",
        "filename": "tests/test_defender_middleware.py",
        "hashed_secret": "73dec5934adc195963f7272933dfcc9b9cb93679",
        "is_verified": false,
        "line_number": 1020
      },
      {
        "type": "Secret Keyword",
        "filename": "tests/test_defender_middleware.py",
        "hashed_secret": "afe68aac645c56406ef021ebc3c67d0216c2df29",
        "is_verified": false,
        "line_number": 1241
      },
      {
        "type": "Secret Keyword",
        "filename": "tests/test_defender_middleware.py",
        "hashed_secret": "d1badebe6db02e7cbd0680cc7501a6bb7e5d1dd8",
        "is_verified": false,
        "line_number": 1401
      },
      {
        "type": "Secret Keyword",
        "filename": "tests/test_defender_middleware.py",
        "hashed_secret": "21e53b22772a497bd97ed0873f02d370897ad22a",
        "is_verified": false,
        "line_number": 1750
      },
      {
        "type": "Secret Keyword",
        "filename": "tests/test_defender_middleware.py",
        "hashed_secret": "b894b81be94cf8fa8d7536475aaec876addf05c8",
        "is_verified": false,
        "line_number": 1776
      },
      {
        "type": "Secret Keyword",
        "filename": "tests/test_defender_middleware.py",
        "hashed_secret": "9645e3244628ca27d1619c182f8fd110ad75b42f",
        "is_verified": false,
        "line_number": 1981
      }
    ],
    "tests/test_every_other_writer_refreshes_the_decision.py": [
      {
        "type": "Secret Keyword",
        "filename": "tests/test_every_other_writer_refreshes_the_decision.py",
        "hashed_secret": "1a91d62f7ca67399625a4368a6ab5d4a3baa6073",
        "is_verified": false,
        "line_number": 87
      }
    ],
    "tests/test_latent_conditions_in_production.py": [
      {
        "type": "Basic Auth Credentials",
        "filename": "tests/test_latent_conditions_in_production.py",
        "hashed_secret": "f3bbbd66a63d4bf1747940578ec3d0103530e21d",
        "is_verified": false,
        "line_number": 858
      }
    ],
    "tests/test_no_control_holds_back_a_stop.py": [
      {
        "type": "Secret Keyword",
        "filename": "tests/test_no_control_holds_back_a_stop.py",
        "hashed_secret": "09ad48199f1395807f639099eb82725554f2891f",
        "is_verified": false,
        "line_number": 2118
      },
      {
        "type": "Secret Keyword",
        "filename": "tests/test_no_control_holds_back_a_stop.py",
        "hashed_secret": "5eadccc65d1d12490be25409d83b08d02d68e131",
        "is_verified": false,
        "line_number": 2405
      }
    ],
    "tests/test_no_dispatch_holds_back_a_stop.py": [
      {
        "type": "Secret Keyword",
        "filename": "tests/test_no_dispatch_holds_back_a_stop.py",
        "hashed_secret": "5fbbbd5b2c3a2c217ffa349004dd17e789fcbffd",
        "is_verified": false,
        "line_number": 2726
      }
    ],
    "tests/test_spine_component_identity.py": [
      {
        "type": "Basic Auth Credentials",
        "filename": "tests/test_spine_component_identity.py",
        "hashed_secret": "847adc6fd3b8b307b88dd3d8b48e024635d01501",
        "is_verified": false,
        "line_number": 627
      },
      {
        "type": "Basic Auth Credentials",
        "filename": "tests/test_spine_component_identity.py",
        "hashed_secret": "1a91d62f7ca67399625a4368a6ab5d4a3baa6073",
        "is_verified": false,
        "line_number": 913
      }
    ]
  },
  "generated_at": "2026-10-05T21:37:20Z"
}
